Archive member included because of file (symbol)

d:/sdk_win_64/winavr/bin/../lib/gcc/avr/4.3.3/avr5\libgcc.a(_mulsi3.o)
                              ./MCAL/ADC/ADC.o (__mulsi3)
d:/sdk_win_64/winavr/bin/../lib/gcc/avr/4.3.3/avr5\libgcc.a(_udivmodhi4.o)
                              ./HAL/LCD/LCD.o (__udivmodhi4)
d:/sdk_win_64/winavr/bin/../lib/gcc/avr/4.3.3/avr5\libgcc.a(_udivmodsi4.o)
                              ./HAL/Potentiometer/Pot.o (__udivmodsi4)
d:/sdk_win_64/winavr/bin/../lib/gcc/avr/4.3.3/avr5\libgcc.a(_divmodsi4.o)
                              ./HAL/LCD/LCD.o (__divmodsi4)
d:/sdk_win_64/winavr/bin/../lib/gcc/avr/4.3.3/avr5\libgcc.a(_exit.o)
                              d:/sdk_win_64/winavr/bin/../lib/gcc/avr/4.3.3/../../../../avr/lib/avr5/crtm32.o (exit)
d:/sdk_win_64/winavr/bin/../lib/gcc/avr/4.3.3/avr5\libgcc.a(_copy_data.o)
                              ./MCAL/DIO/DIO_LCFG.o (__do_copy_data)
d:/sdk_win_64/winavr/bin/../lib/gcc/avr/4.3.3/avr5\libgcc.a(_clear_bss.o)
                              ./MCAL/UART/UART.o (__do_clear_bss)

Memory Configuration

Name             Origin             Length             Attributes
text             0x00000000         0x00020000         xr
data             0x00800060         0x0000ffa0         rw !x
eeprom           0x00810000         0x00010000         rw !x
fuse             0x00820000         0x00000400         rw !x
lock             0x00830000         0x00000400         rw !x
signature        0x00840000         0x00000400         rw !x
*default*        0x00000000         0xffffffff

Linker script and memory map

LOAD d:/sdk_win_64/winavr/bin/../lib/gcc/avr/4.3.3/../../../../avr/lib/avr5/crtm32.o
LOAD ./MCAL/UART/UART.o
LOAD ./MCAL/UART/UART_Services.o
LOAD ./MCAL/Timers/Timers.o
LOAD ./MCAL/Timers/Timers_Services.o
LOAD ./MCAL/TWI/TWI.o
LOAD ./MCAL/SPI/SPI.o
LOAD ./MCAL/SPI/SPI_Services.o
LOAD ./MCAL/Interrupts/Interrupts.o
LOAD ./MCAL/DIO/DIO.o
LOAD ./MCAL/DIO/DIO_LCFG.o
LOAD ./MCAL/ADC/ADC.o
LOAD ./HAL/Potentiometer/Pot.o
LOAD ./HAL/LM35/LM35.o
LOAD ./HAL/LDR/LDR.o
LOAD ./HAL/LCD/LCD.o
LOAD ./HAL/Keypad/Keypad.o
LOAD ./APP/MyFuns.o
LOAD ./main_test.o
LOAD d:/sdk_win_64/winavr/bin/../lib/gcc/avr/4.3.3/avr5\libgcc.a
LOAD d:/sdk_win_64/winavr/bin/../lib/gcc/avr/4.3.3/../../../../avr/lib/avr5\libc.a
LOAD d:/sdk_win_64/winavr/bin/../lib/gcc/avr/4.3.3/avr5\libgcc.a

.hash
 *(.hash)

.dynsym
 *(.dynsym)

.dynstr
 *(.dynstr)

.gnu.version
 *(.gnu.version)

.gnu.version_d
 *(.gnu.version_d)

.gnu.version_r
 *(.gnu.version_r)

.rel.init
 *(.rel.init)

.rela.init
 *(.rela.init)

.rel.text
 *(.rel.text)
 *(.rel.text.*)
 *(.rel.gnu.linkonce.t*)

.rela.text
 *(.rela.text)
 *(.rela.text.*)
 *(.rela.gnu.linkonce.t*)

.rel.fini
 *(.rel.fini)

.rela.fini
 *(.rela.fini)

.rel.rodata
 *(.rel.rodata)
 *(.rel.rodata.*)
 *(.rel.gnu.linkonce.r*)

.rela.rodata
 *(.rela.rodata)
 *(.rela.rodata.*)
 *(.rela.gnu.linkonce.r*)

.rel.data
 *(.rel.data)
 *(.rel.data.*)
 *(.rel.gnu.linkonce.d*)

.rela.data
 *(.rela.data)
 *(.rela.data.*)
 *(.rela.gnu.linkonce.d*)

.rel.ctors
 *(.rel.ctors)

.rela.ctors
 *(.rela.ctors)

.rel.dtors
 *(.rel.dtors)

.rela.dtors
 *(.rela.dtors)

.rel.got
 *(.rel.got)

.rela.got
 *(.rela.got)

.rel.bss
 *(.rel.bss)

.rela.bss
 *(.rela.bss)

.rel.plt
 *(.rel.plt)

.rela.plt
 *(.rela.plt)

.text           0x00000000     0x17c0
 *(.vectors)
 .vectors       0x00000000       0x54 d:/sdk_win_64/winavr/bin/../lib/gcc/avr/4.3.3/../../../../avr/lib/avr5/crtm32.o
                0x00000000                __vectors
                0x00000000                __vector_default
 *(.vectors)
 *(.progmem.gcc*)
 *(.progmem*)
                0x00000054                . = ALIGN (0x2)
                0x00000054                __trampolines_start = .
 *(.trampolines)
 .trampolines   0x00000054        0x0 linker stubs
 *(.trampolines*)
                0x00000054                __trampolines_end = .
 *(.jumptables)
 *(.jumptables*)
 *(.lowtext)
 *(.lowtext*)
                0x00000054                __ctors_start = .
 *(.ctors)
                0x00000054                __ctors_end = .
                0x00000054                __dtors_start = .
 *(.dtors)
                0x00000054                __dtors_end = .
 SORT(*)(.ctors)
 SORT(*)(.dtors)
 *(.init0)
 .init0         0x00000054        0x0 d:/sdk_win_64/winavr/bin/../lib/gcc/avr/4.3.3/../../../../avr/lib/avr5/crtm32.o
                0x00000054                __init
 *(.init0)
 *(.init1)
 *(.init1)
 *(.init2)
 .init2         0x00000054        0xc d:/sdk_win_64/winavr/bin/../lib/gcc/avr/4.3.3/../../../../avr/lib/avr5/crtm32.o
 *(.init2)
 *(.init3)
 *(.init3)
 *(.init4)
 .init4         0x00000060       0x16 d:/sdk_win_64/winavr/bin/../lib/gcc/avr/4.3.3/avr5\libgcc.a(_copy_data.o)
                0x00000060                __do_copy_data
 .init4         0x00000076       0x10 d:/sdk_win_64/winavr/bin/../lib/gcc/avr/4.3.3/avr5\libgcc.a(_clear_bss.o)
                0x00000076                __do_clear_bss
 *(.init4)
 *(.init5)
 *(.init5)
 *(.init6)
 *(.init6)
 *(.init7)
 *(.init7)
 *(.init8)
 *(.init8)
 *(.init9)
 .init9         0x00000086        0x8 d:/sdk_win_64/winavr/bin/../lib/gcc/avr/4.3.3/../../../../avr/lib/avr5/crtm32.o
 *(.init9)
 *(.text)
 .text          0x0000008e        0x4 d:/sdk_win_64/winavr/bin/../lib/gcc/avr/4.3.3/../../../../avr/lib/avr5/crtm32.o
                0x0000008e                __bad_interrupt
                0x0000008e                __vector_17
                0x0000008e                __vector_19
                0x0000008e                __vector_14
                0x0000008e                __vector_16
                0x0000008e                __vector_18
                0x0000008e                __vector_20
 .text          0x00000092        0x0 ./MCAL/UART/UART.o
 .text          0x00000092        0x0 ./MCAL/UART/UART_Services.o
 .text          0x00000092        0x0 ./MCAL/Timers/Timers.o
 .text          0x00000092        0x0 ./MCAL/Timers/Timers_Services.o
 .text          0x00000092        0x0 ./MCAL/TWI/TWI.o
 .text          0x00000092        0x0 ./MCAL/SPI/SPI.o
 .text          0x00000092        0x0 ./MCAL/SPI/SPI_Services.o
 .text          0x00000092        0x0 ./MCAL/Interrupts/Interrupts.o
 .text          0x00000092        0x0 ./MCAL/DIO/DIO.o
 .text          0x00000092        0x0 ./MCAL/DIO/DIO_LCFG.o
 .text          0x00000092        0x0 ./MCAL/ADC/ADC.o
 .text          0x00000092        0x0 ./HAL/Potentiometer/Pot.o
 .text          0x00000092        0x0 ./HAL/LM35/LM35.o
 .text          0x00000092        0x0 ./HAL/LDR/LDR.o
 .text          0x00000092        0x0 ./HAL/LCD/LCD.o
 .text          0x00000092        0x0 ./HAL/Keypad/Keypad.o
 .text          0x00000092        0x0 ./APP/MyFuns.o
 .text          0x00000092        0x0 ./main_test.o
 .text          0x00000092        0x0 d:/sdk_win_64/winavr/bin/../lib/gcc/avr/4.3.3/avr5\libgcc.a(_mulsi3.o)
 .text          0x00000092        0x0 d:/sdk_win_64/winavr/bin/../lib/gcc/avr/4.3.3/avr5\libgcc.a(_udivmodhi4.o)
 .text          0x00000092        0x0 d:/sdk_win_64/winavr/bin/../lib/gcc/avr/4.3.3/avr5\libgcc.a(_udivmodsi4.o)
 .text          0x00000092        0x0 d:/sdk_win_64/winavr/bin/../lib/gcc/avr/4.3.3/avr5\libgcc.a(_divmodsi4.o)
 .text          0x00000092        0x0 d:/sdk_win_64/winavr/bin/../lib/gcc/avr/4.3.3/avr5\libgcc.a(_exit.o)
 .text          0x00000092        0x0 d:/sdk_win_64/winavr/bin/../lib/gcc/avr/4.3.3/avr5\libgcc.a(_copy_data.o)
 .text          0x00000092        0x0 d:/sdk_win_64/winavr/bin/../lib/gcc/avr/4.3.3/avr5\libgcc.a(_clear_bss.o)
                0x00000092                . = ALIGN (0x2)
 *(.text.*)
 .text.UART_INIT
                0x00000092        0xc ./MCAL/UART/UART.o
                0x00000092                UART_INIT
 .text.UART_Send
                0x0000009e        0x8 ./MCAL/UART/UART.o
                0x0000009e                UART_Send
 .text.UART_Receive
                0x000000a6        0x8 ./MCAL/UART/UART.o
                0x000000a6                UART_Receive
 .text.UART_ReceivePeriodic
                0x000000ae       0x12 ./MCAL/UART/UART.o
                0x000000ae                UART_ReceivePeriodic
 .text.UART_RX_EnableInterrupt
                0x000000c0        0x8 ./MCAL/UART/UART.o
                0x000000c0                UART_RX_EnableInterrupt
 .text.UART_RX_DisableInterrupt
                0x000000c8        0x2 ./MCAL/UART/UART.o
                0x000000c8                UART_RX_DisableInterrupt
 .text.UART_RX_SetCallback
                0x000000ca        0xa ./MCAL/UART/UART.o
                0x000000ca                UART_RX_SetCallback
 .text.UART_TX_EnableInterrupt
                0x000000d4        0x8 ./MCAL/UART/UART.o
                0x000000d4                UART_TX_EnableInterrupt
 .text.UART_TX_DisableInterrupt
                0x000000dc        0x2 ./MCAL/UART/UART.o
                0x000000dc                UART_TX_DisableInterrupt
 .text.UART_TX_SetCallback
                0x000000de        0xa ./MCAL/UART/UART.o
                0x000000de                UART_TX_SetCallback
 .text.UART_SendNoBlock
                0x000000e8        0x4 ./MCAL/UART/UART.o
                0x000000e8                UART_SendNoBlock
 .text.UART_ReceiveNoBlock
                0x000000ec        0x4 ./MCAL/UART/UART.o
                0x000000ec                UART_ReceiveNoBlock
 .text.__vector_13
                0x000000f0       0x52 ./MCAL/UART/UART.o
                0x000000f0                __vector_13
 .text.__vector_15
                0x00000142       0x52 ./MCAL/UART/UART.o
                0x00000142                __vector_15
 .text.FUNC_TX2
                0x00000194        0x8 ./MCAL/UART/UART_Services.o
 .text.UART_BCM_Runnable
                0x0000019c       0x2c ./MCAL/UART/UART_Services.o
                0x0000019c                UART_BCM_Runnable
 .text.UART_BCM_INIT
                0x000001c8        0xe ./MCAL/UART/UART_Services.o
                0x000001c8                UART_BCM_INIT
 .text.UART_SendStringAsynch
                0x000001d6       0x32 ./MCAL/UART/UART_Services.o
                0x000001d6                UART_SendStringAsynch
 .text.UART_ReceiveStringAsynch
                0x00000208       0x20 ./MCAL/UART/UART_Services.o
                0x00000208                UART_ReceiveStringAsynch
 .text.FUNC_RX  0x00000228       0x42 ./MCAL/UART/UART_Services.o
 .text.FUNC_TX  0x0000026a       0x4a ./MCAL/UART/UART_Services.o
 .text.UART_SendStringCheckSum
                0x000002b4       0x62 ./MCAL/UART/UART_Services.o
                0x000002b4                UART_SendStringCheckSum
 .text.UART_SendNumber
                0x00000316       0x40 ./MCAL/UART/UART_Services.o
                0x00000316                UART_SendNumber
 .text.UART_SendString
                0x00000356       0x26 ./MCAL/UART/UART_Services.o
                0x00000356                UART_SendString
 .text.UART_ReceiveStringCheckSum
                0x0000037c       0x6e ./MCAL/UART/UART_Services.o
                0x0000037c                UART_ReceiveStringCheckSum
 .text.UART_ReceiveNumber
                0x000003ea       0x58 ./MCAL/UART/UART_Services.o
                0x000003ea                UART_ReceiveNumber
 .text.UART_ReceiveString2
                0x00000442       0x36 ./MCAL/UART/UART_Services.o
                0x00000442                UART_ReceiveString2
 .text.UART_ReceiveString
                0x00000478       0x36 ./MCAL/UART/UART_Services.o
                0x00000478                UART_ReceiveString
 .text.Timer0_Init
                0x000004ae       0x16 ./MCAL/Timers/Timers.o
                0x000004ae                Timer0_Init
 .text.Timer0_OCMode
                0x000004c4        0x8 ./MCAL/Timers/Timers.o
                0x000004c4                Timer0_OCMode
 .text.Timer0_OV_InterruptEnable
                0x000004cc        0xe ./MCAL/Timers/Timers.o
                0x000004cc                Timer0_OV_InterruptEnable
 .text.Timer0_OV_InterruptDisable
                0x000004da        0x8 ./MCAL/Timers/Timers.o
                0x000004da                Timer0_OV_InterruptDisable
 .text.Timer0_CompMatch_InterruptEnable
                0x000004e2        0xe ./MCAL/Timers/Timers.o
                0x000004e2                Timer0_CompMatch_InterruptEnable
 .text.Timer0_CompMatch_InterruptDisable
                0x000004f0        0x8 ./MCAL/Timers/Timers.o
                0x000004f0                Timer0_CompMatch_InterruptDisable
 .text.TIMER0_OV_SetCallBack
                0x000004f8        0xa ./MCAL/Timers/Timers.o
                0x000004f8                TIMER0_OV_SetCallBack
 .text.TIMER0_COMP_SetCallBack
                0x00000502        0xa ./MCAL/Timers/Timers.o
                0x00000502                TIMER0_COMP_SetCallBack
 .text.__vector_11
                0x0000050c       0x52 ./MCAL/Timers/Timers.o
                0x0000050c                __vector_11
 .text.__vector_10
                0x0000055e       0x52 ./MCAL/Timers/Timers.o
                0x0000055e                __vector_10
 .text.TIMER1_INIT
                0x000005b0       0x24 ./MCAL/Timers/Timers.o
                0x000005b0                TIMER1_INIT
 .text.TIMER1_OCRA1Mode
                0x000005d4        0xe ./MCAL/Timers/Timers.o
                0x000005d4                TIMER1_OCRA1Mode
 .text.TIMER1_OCRB1Mode
                0x000005e2        0xe ./MCAL/Timers/Timers.o
                0x000005e2                TIMER1_OCRB1Mode
 .text.Timer1_InputCaptureEdge
                0x000005f0       0x18 ./MCAL/Timers/Timers.o
                0x000005f0                Timer1_InputCaptureEdge
 .text.Timer1_OV_InterruptEnable
                0x00000608        0xe ./MCAL/Timers/Timers.o
                0x00000608                Timer1_OV_InterruptEnable
 .text.Timer1_OV_InterruptDisable
                0x00000616        0x8 ./MCAL/Timers/Timers.o
                0x00000616                Timer1_OV_InterruptDisable
 .text.Timer1_CompMatchA_InterruptEnable
                0x0000061e        0xe ./MCAL/Timers/Timers.o
                0x0000061e                Timer1_CompMatchA_InterruptEnable
 .text.Timer1_CompMatchA_InterruptDisable
                0x0000062c        0x8 ./MCAL/Timers/Timers.o
                0x0000062c                Timer1_CompMatchA_InterruptDisable
 .text.Timer1_CompMatchB_InterruptEnable
                0x00000634        0xe ./MCAL/Timers/Timers.o
                0x00000634                Timer1_CompMatchB_InterruptEnable
 .text.Timer1_CompMatchB_InterruptDisable
                0x00000642        0x8 ./MCAL/Timers/Timers.o
                0x00000642                Timer1_CompMatchB_InterruptDisable
 .text.Timer1_CAPT_InterruptEnable
                0x0000064a        0xe ./MCAL/Timers/Timers.o
                0x0000064a                Timer1_CAPT_InterruptEnable
 .text.Timer1_CAPT_InterruptDisable
                0x00000658        0x8 ./MCAL/Timers/Timers.o
                0x00000658                Timer1_CAPT_InterruptDisable
 .text.TIMER1_OV_SetCallBack
                0x00000660        0xa ./MCAL/Timers/Timers.o
                0x00000660                TIMER1_OV_SetCallBack
 .text.TIMER1_COMPA_SetCallBack
                0x0000066a        0xa ./MCAL/Timers/Timers.o
                0x0000066a                TIMER1_COMPA_SetCallBack
 .text.TIMER1_COMPB_SetCallBack
                0x00000674        0xa ./MCAL/Timers/Timers.o
                0x00000674                TIMER1_COMPB_SetCallBack
 .text.TIMER1_CAPT_SetCallBack
                0x0000067e        0xa ./MCAL/Timers/Timers.o
                0x0000067e                TIMER1_CAPT_SetCallBack
 .text.__vector_9
                0x00000688       0x52 ./MCAL/Timers/Timers.o
                0x00000688                __vector_9
 .text.__vector_7
                0x000006da       0x52 ./MCAL/Timers/Timers.o
                0x000006da                __vector_7
 .text.__vector_8
                0x0000072c       0x52 ./MCAL/Timers/Timers.o
                0x0000072c                __vector_8
 .text.__vector_6
                0x0000077e       0x52 ./MCAL/Timers/Timers.o
                0x0000077e                __vector_6
 .text.Timer2_Init
                0x000007d0       0x16 ./MCAL/Timers/Timers.o
                0x000007d0                Timer2_Init
 .text.Timer2_OCMode
                0x000007e6        0x8 ./MCAL/Timers/Timers.o
                0x000007e6                Timer2_OCMode
 .text.Timer2_OV_InterruptEnable
                0x000007ee        0xe ./MCAL/Timers/Timers.o
                0x000007ee                Timer2_OV_InterruptEnable
 .text.Timer2_OV_InterruptDisable
                0x000007fc        0x8 ./MCAL/Timers/Timers.o
                0x000007fc                Timer2_OV_InterruptDisable
 .text.Timer2_CompMatch_InterruptEnable
                0x00000804        0xe ./MCAL/Timers/Timers.o
                0x00000804                Timer2_CompMatch_InterruptEnable
 .text.Timer2_CompMatch_InterruptDisable
                0x00000812        0x8 ./MCAL/Timers/Timers.o
                0x00000812                Timer2_CompMatch_InterruptDisable
 .text.TIMER2_OV_SetCallBack
                0x0000081a        0xa ./MCAL/Timers/Timers.o
                0x0000081a                TIMER2_OV_SetCallBack
 .text.TIMER2_COMP_SetCallBack
                0x00000824        0xa ./MCAL/Timers/Timers.o
                0x00000824                TIMER2_COMP_SetCallBack
 .text.__vector_5
                0x0000082e       0x52 ./MCAL/Timers/Timers.o
                0x0000082e                __vector_5
 .text.__vector_4
                0x00000880       0x52 ./MCAL/Timers/Timers.o
                0x00000880                __vector_4
 .text.SPI_INIT
                0x000008d2        0x6 ./MCAL/SPI/SPI.o
                0x000008d2                SPI_INIT
 .text.SPI_SendReceive
                0x000008d8        0xa ./MCAL/SPI/SPI.o
                0x000008d8                SPI_SendReceive
 .text.SPI_Send
                0x000008e2        0x4 ./MCAL/SPI/SPI.o
                0x000008e2                SPI_Send
 .text.SPI_ReceivePeriodic
                0x000008e6       0x12 ./MCAL/SPI/SPI.o
                0x000008e6                SPI_ReceivePeriodic
 .text.SPI_Receive
                0x000008f8        0x4 ./MCAL/SPI/SPI.o
                0x000008f8                SPI_Receive
 .text.SPI_InterruptEnable
                0x000008fc        0xa ./MCAL/SPI/SPI.o
                0x000008fc                SPI_InterruptEnable
 .text.SPI_InterruptDisable
                0x00000906        0x4 ./MCAL/SPI/SPI.o
                0x00000906                SPI_InterruptDisable
 .text.SPI_InterruptSetCallback
                0x0000090a        0xa ./MCAL/SPI/SPI.o
                0x0000090a                SPI_InterruptSetCallback
 .text.__vector_12
                0x00000914       0x52 ./MCAL/SPI/SPI.o
                0x00000914                __vector_12
 .text.SPI_SendReceiveString
                0x00000966       0x42 ./MCAL/SPI/SPI_Services.o
                0x00000966                SPI_SendReceiveString
 .text.Interrupt_Enable
                0x000009a8        0x4 ./MCAL/Interrupts/Interrupts.o
                0x000009a8                Interrupt_Enable
 .text.Interrupt_Disable
                0x000009ac        0x4 ./MCAL/Interrupts/Interrupts.o
                0x000009ac                Interrupt_Disable
 .text.EXT_Interrupt_Enable
                0x000009b0       0x16 ./MCAL/Interrupts/Interrupts.o
                0x000009b0                EXT_Interrupt_Enable
 .text.EXT_Interrupt_Disable
                0x000009c6       0x18 ./MCAL/Interrupts/Interrupts.o
                0x000009c6                EXT_Interrupt_Disable
 .text.EXT_TriggerEdge
                0x000009de       0x32 ./MCAL/Interrupts/Interrupts.o
                0x000009de                EXT_TriggerEdge
 .text.EXT_SetCallBack
                0x00000a10       0x2c ./MCAL/Interrupts/Interrupts.o
                0x00000a10                EXT_SetCallBack
 .text.__vector_1
                0x00000a3c       0x52 ./MCAL/Interrupts/Interrupts.o
                0x00000a3c                __vector_1
 .text.__vector_2
                0x00000a8e       0x52 ./MCAL/Interrupts/Interrupts.o
                0x00000a8e                __vector_2
 .text.__vector_3
                0x00000ae0       0x52 ./MCAL/Interrupts/Interrupts.o
                0x00000ae0                __vector_3
 .text.DIO_INIT_PIN
                0x00000b32      0x1aa ./MCAL/DIO/DIO.o
                0x00000b32                DIO_INIT_PIN
 .text.DIO_INIT
                0x00000cdc       0x2e ./MCAL/DIO/DIO.o
                0x00000cdc                DIO_INIT
 .text.DIO_WritePin
                0x00000d0a       0xae ./MCAL/DIO/DIO.o
                0x00000d0a                DIO_WritePin
 .text.DIO_WritePort
                0x00000db8       0x22 ./MCAL/DIO/DIO.o
                0x00000db8                DIO_WritePort
 .text.DIO_ReadPin
                0x00000dda       0x4a ./MCAL/DIO/DIO.o
                0x00000dda                DIO_ReadPin
 .text.DIO_ReadPort
                0x00000e24       0x24 ./MCAL/DIO/DIO.o
                0x00000e24                DIO_ReadPort
 .text.DIO_TogglePin
                0x00000e48       0x74 ./MCAL/DIO/DIO.o
                0x00000e48                DIO_TogglePin
 .text.ADC_Enable
                0x00000ebc        0x4 ./MCAL/ADC/ADC.o
                0x00000ebc                ADC_Enable
 .text.ADC_Disable
                0x00000ec0        0x4 ./MCAL/ADC/ADC.o
                0x00000ec0                ADC_Disable
 .text.ADC_INIT
                0x00000ec4       0x10 ./MCAL/ADC/ADC.o
                0x00000ec4                ADC_INIT
 .text.ADC_READ
                0x00000ed4       0x1a ./MCAL/ADC/ADC.o
                0x00000ed4                ADC_READ
 .text.ADC_StartConversion
                0x00000eee       0x1e ./MCAL/ADC/ADC.o
                0x00000eee                ADC_StartConversion
 .text.ADC_GetRead
                0x00000f0c       0x10 ./MCAL/ADC/ADC.o
                0x00000f0c                ADC_GetRead
 .text.ADC_GetVolt
                0x00000f1c       0x2e ./MCAL/ADC/ADC.o
                0x00000f1c                ADC_GetVolt
 .text.ADC_GetReadPeriodicCheck
                0x00000f4a       0x24 ./MCAL/ADC/ADC.o
                0x00000f4a                ADC_GetReadPeriodicCheck
 .text.ADC_GetReadNoBlock
                0x00000f6e        0x8 ./MCAL/ADC/ADC.o
                0x00000f6e                ADC_GetReadNoBlock
 .text.POT_GetPercent
                0x00000f76       0x36 ./HAL/Potentiometer/Pot.o
                0x00000f76                POT_GetPercent
 .text.LM35_GetTemp
                0x00000fac       0x14 ./HAL/LM35/LM35.o
                0x00000fac                LM35_GetTemp
 .text.LDR_READ
                0x00000fc0       0x14 ./HAL/LDR/LDR.o
                0x00000fc0                LDR_READ
 .text.LDR_INIT
                0x00000fd4        0xa ./HAL/LDR/LDR.o
                0x00000fd4                LDR_INIT
 .text.LCD_WriteData
                0x00000fde       0xc4 ./HAL/LCD/LCD.o
 .text.LCD_WriteChar
                0x000010a2        0x6 ./HAL/LCD/LCD.o
                0x000010a2                LCD_WriteChar
 .text.LCD_Write4DNum
                0x000010a8       0x68 ./HAL/LCD/LCD.o
                0x000010a8                LCD_Write4DNum
 .text.LCD_WriteHEX
                0x00001110       0x34 ./HAL/LCD/LCD.o
                0x00001110                LCD_WriteHEX
 .text.LCD_WriteString
                0x00001144       0x26 ./HAL/LCD/LCD.o
                0x00001144                LCD_WriteString
 .text.LCD_WriteBinary
                0x0000116a       0xf6 ./HAL/LCD/LCD.o
                0x0000116a                LCD_WriteBinary
 .text.LCD_WriteNum
                0x00001260      0x20c ./HAL/LCD/LCD.o
                0x00001260                LCD_WriteNum
 .text.LCD_WriteFloat
                0x0000146c       0x48 ./HAL/LCD/LCD.o
                0x0000146c                LCD_WriteFloat
 .text.LCD_WriteCommand
                0x000014b4       0xc4 ./HAL/LCD/LCD.o
 .text.LCD_Create_Character
                0x00001578       0x40 ./HAL/LCD/LCD.o
                0x00001578                LCD_Create_Character
 .text.LCD_ClearDisplay
                0x000015b8       0x10 ./HAL/LCD/LCD.o
                0x000015b8                LCD_ClearDisplay
 .text.LCD_GoTo
                0x000015c8       0x1c ./HAL/LCD/LCD.o
                0x000015c8                LCD_GoTo
 .text.LCD_INIT
                0x000015e4       0x3a ./HAL/LCD/LCD.o
                0x000015e4                LCD_INIT
 .text.LCD_Moving_Words
                0x0000161e       0x5c ./APP/MyFuns.o
                0x0000161e                LCD_Moving_Words
 .text.LCD_Print_ASCII
                0x0000167a       0x54 ./APP/MyFuns.o
                0x0000167a                LCD_Print_ASCII
 .text.main     0x000016ce        0xe ./main_test.o
                0x000016ce                main
 .text.libgcc   0x000016dc       0x3e d:/sdk_win_64/winavr/bin/../lib/gcc/avr/4.3.3/avr5\libgcc.a(_mulsi3.o)
                0x000016dc                __mulsi3
 .text.libgcc   0x0000171a       0x28 d:/sdk_win_64/winavr/bin/../lib/gcc/avr/4.3.3/avr5\libgcc.a(_udivmodhi4.o)
                0x0000171a                __udivmodhi4
 .text.libgcc   0x00001742       0x44 d:/sdk_win_64/winavr/bin/../lib/gcc/avr/4.3.3/avr5\libgcc.a(_udivmodsi4.o)
                0x00001742                __udivmodsi4
 .text.libgcc   0x00001786       0x36 d:/sdk_win_64/winavr/bin/../lib/gcc/avr/4.3.3/avr5\libgcc.a(_divmodsi4.o)
                0x00001786                __divmodsi4
 .text.libgcc   0x000017bc        0x0 d:/sdk_win_64/winavr/bin/../lib/gcc/avr/4.3.3/avr5\libgcc.a(_exit.o)
 .text.libgcc   0x000017bc        0x0 d:/sdk_win_64/winavr/bin/../lib/gcc/avr/4.3.3/avr5\libgcc.a(_copy_data.o)
 .text.libgcc   0x000017bc        0x0 d:/sdk_win_64/winavr/bin/../lib/gcc/avr/4.3.3/avr5\libgcc.a(_clear_bss.o)
                0x000017bc                . = ALIGN (0x2)
 *(.fini9)
 .fini9         0x000017bc        0x0 d:/sdk_win_64/winavr/bin/../lib/gcc/avr/4.3.3/avr5\libgcc.a(_exit.o)
                0x000017bc                exit
                0x000017bc                _exit
 *(.fini9)
 *(.fini8)
 *(.fini8)
 *(.fini7)
 *(.fini7)
 *(.fini6)
 *(.fini6)
 *(.fini5)
 *(.fini5)
 *(.fini4)
 *(.fini4)
 *(.fini3)
 *(.fini3)
 *(.fini2)
 *(.fini2)
 *(.fini1)
 *(.fini1)
 *(.fini0)
 .fini0         0x000017bc        0x4 d:/sdk_win_64/winavr/bin/../lib/gcc/avr/4.3.3/avr5\libgcc.a(_exit.o)
 *(.fini0)
                0x000017c0                _etext = .

.data           0x00800060       0x3a load address 0x000017c0
                0x00800060                PROVIDE (__data_start, .)
 *(.data)
 .data          0x00800060        0x0 d:/sdk_win_64/winavr/bin/../lib/gcc/avr/4.3.3/../../../../avr/lib/avr5/crtm32.o
 .data          0x00800060        0x0 ./MCAL/UART/UART.o
 .data          0x00800060        0x0 ./MCAL/UART/UART_Services.o
 .data          0x00800060        0x0 ./MCAL/Timers/Timers.o
 .data          0x00800060        0x0 ./MCAL/Timers/Timers_Services.o
 .data          0x00800060        0x0 ./MCAL/TWI/TWI.o
 .data          0x00800060        0x0 ./MCAL/SPI/SPI.o
 .data          0x00800060        0x0 ./MCAL/SPI/SPI_Services.o
 .data          0x00800060        0x0 ./MCAL/Interrupts/Interrupts.o
 .data          0x00800060        0x0 ./MCAL/DIO/DIO.o
 .data          0x00800060        0x0 ./MCAL/DIO/DIO_LCFG.o
 .data          0x00800060        0x0 ./MCAL/ADC/ADC.o
 .data          0x00800060        0x0 ./HAL/Potentiometer/Pot.o
 .data          0x00800060        0x0 ./HAL/LM35/LM35.o
 .data          0x00800060        0x0 ./HAL/LDR/LDR.o
 .data          0x00800060        0x0 ./HAL/LCD/LCD.o
 .data          0x00800060        0x0 ./HAL/Keypad/Keypad.o
 .data          0x00800060        0xe ./APP/MyFuns.o
 .data          0x0080006e        0x0 ./main_test.o
 .data          0x0080006e        0x0 d:/sdk_win_64/winavr/bin/../lib/gcc/avr/4.3.3/avr5\libgcc.a(_mulsi3.o)
 .data          0x0080006e        0x0 d:/sdk_win_64/winavr/bin/../lib/gcc/avr/4.3.3/avr5\libgcc.a(_udivmodhi4.o)
 .data          0x0080006e        0x0 d:/sdk_win_64/winavr/bin/../lib/gcc/avr/4.3.3/avr5\libgcc.a(_udivmodsi4.o)
 .data          0x0080006e        0x0 d:/sdk_win_64/winavr/bin/../lib/gcc/avr/4.3.3/avr5\libgcc.a(_divmodsi4.o)
 .data          0x0080006e        0x0 d:/sdk_win_64/winavr/bin/../lib/gcc/avr/4.3.3/avr5\libgcc.a(_exit.o)
 .data          0x0080006e        0x0 d:/sdk_win_64/winavr/bin/../lib/gcc/avr/4.3.3/avr5\libgcc.a(_copy_data.o)
 .data          0x0080006e        0x0 d:/sdk_win_64/winavr/bin/../lib/gcc/avr/4.3.3/avr5\libgcc.a(_clear_bss.o)
 *(.data*)
 .data.Pin_StatusArray
                0x0080006e       0x20 ./MCAL/DIO/DIO_LCFG.o
                0x0080006e                Pin_StatusArray
 .data.read_flag
                0x0080008e        0x1 ./MCAL/ADC/ADC.o
 *(.rodata)
 *(.rodata*)
 .rodata.C.0.1436
                0x0080008f        0xa ./HAL/LCD/LCD.o
 *(.gnu.linkonce.d*)
                0x0080009a                . = ALIGN (0x2)
 *fill*         0x00800099        0x1 00
                0x0080009a                _edata = .
                0x0080009a                PROVIDE (__data_end, .)

.bss            0x0080009a       0x4c
                0x0080009a                PROVIDE (__bss_start, .)
 *(.bss)
 .bss           0x0080009a        0x0 d:/sdk_win_64/winavr/bin/../lib/gcc/avr/4.3.3/../../../../avr/lib/avr5/crtm32.o
 .bss           0x0080009a        0x0 ./MCAL/UART/UART.o
 .bss           0x0080009a        0x0 ./MCAL/UART/UART_Services.o
 .bss           0x0080009a        0x0 ./MCAL/Timers/Timers.o
 .bss           0x0080009a        0x0 ./MCAL/Timers/Timers_Services.o
 .bss           0x0080009a        0x0 ./MCAL/TWI/TWI.o
 .bss           0x0080009a        0x0 ./MCAL/SPI/SPI.o
 .bss           0x0080009a        0x0 ./MCAL/SPI/SPI_Services.o
 .bss           0x0080009a        0x0 ./MCAL/Interrupts/Interrupts.o
 .bss           0x0080009a        0x0 ./MCAL/DIO/DIO.o
 .bss           0x0080009a        0x0 ./MCAL/DIO/DIO_LCFG.o
 .bss           0x0080009a        0x0 ./MCAL/ADC/ADC.o
 .bss           0x0080009a        0x0 ./HAL/Potentiometer/Pot.o
 .bss           0x0080009a        0x0 ./HAL/LM35/LM35.o
 .bss           0x0080009a        0x0 ./HAL/LDR/LDR.o
 .bss           0x0080009a        0x0 ./HAL/LCD/LCD.o
 .bss           0x0080009a        0x0 ./HAL/Keypad/Keypad.o
 .bss           0x0080009a        0x0 ./APP/MyFuns.o
 .bss           0x0080009a        0x0 ./main_test.o
 .bss           0x0080009a        0x0 d:/sdk_win_64/winavr/bin/../lib/gcc/avr/4.3.3/avr5\libgcc.a(_mulsi3.o)
 .bss           0x0080009a        0x0 d:/sdk_win_64/winavr/bin/../lib/gcc/avr/4.3.3/avr5\libgcc.a(_udivmodhi4.o)
 .bss           0x0080009a        0x0 d:/sdk_win_64/winavr/bin/../lib/gcc/avr/4.3.3/avr5\libgcc.a(_udivmodsi4.o)
 .bss           0x0080009a        0x0 d:/sdk_win_64/winavr/bin/../lib/gcc/avr/4.3.3/avr5\libgcc.a(_divmodsi4.o)
 .bss           0x0080009a        0x0 d:/sdk_win_64/winavr/bin/../lib/gcc/avr/4.3.3/avr5\libgcc.a(_exit.o)
 .bss           0x0080009a        0x0 d:/sdk_win_64/winavr/bin/../lib/gcc/avr/4.3.3/avr5\libgcc.a(_copy_data.o)
 .bss           0x0080009a        0x0 d:/sdk_win_64/winavr/bin/../lib/gcc/avr/4.3.3/avr5\libgcc.a(_clear_bss.o)
 *(.bss*)
 .bss.fptr_UART_TX
                0x0080009a        0x2 ./MCAL/UART/UART.o
 .bss.fptr_UART_RX
                0x0080009c        0x2 ./MCAL/UART/UART.o
 .bss.TX_Interrupt_Flag
                0x0080009e        0x1 ./MCAL/UART/UART_Services.o
 .bss.i.1403    0x0080009f        0x1 ./MCAL/UART/UART_Services.o
 .bss.i.1386    0x008000a0        0x1 ./MCAL/UART/UART_Services.o
 .bss.tx_cnt.1359
                0x008000a1        0x1 ./MCAL/UART/UART_Services.o
 .bss.k.1367    0x008000a2        0x1 ./MCAL/UART/UART_Services.o
 .bss.i.1366    0x008000a3        0x1 ./MCAL/UART/UART_Services.o
 .bss.Tx_str    0x008000a4       0x28 ./MCAL/UART/UART_Services.o
 .bss.Rx_str    0x008000cc        0x2 ./MCAL/UART/UART_Services.o
 .bss.fptr_COMP2
                0x008000ce        0x2 ./MCAL/Timers/Timers.o
 .bss.fptr_OV2  0x008000d0        0x2 ./MCAL/Timers/Timers.o
 .bss.fptr_CAPT1
                0x008000d2        0x2 ./MCAL/Timers/Timers.o
 .bss.fptr_COMP1B
                0x008000d4        0x2 ./MCAL/Timers/Timers.o
 .bss.fptr_COMP1A
                0x008000d6        0x2 ./MCAL/Timers/Timers.o
 .bss.fptr_OV1  0x008000d8        0x2 ./MCAL/Timers/Timers.o
 .bss.fptr_COMP0
                0x008000da        0x2 ./MCAL/Timers/Timers.o
 .bss.fptr_OV0  0x008000dc        0x2 ./MCAL/Timers/Timers.o
 .bss.fptr_SPI  0x008000de        0x2 ./MCAL/SPI/SPI.o
 .bss.fptr_INT2
                0x008000e0        0x2 ./MCAL/Interrupts/Interrupts.o
 .bss.fptr_INT1
                0x008000e2        0x2 ./MCAL/Interrupts/Interrupts.o
 .bss.fptr_INT0
                0x008000e4        0x2 ./MCAL/Interrupts/Interrupts.o
 *(COMMON)
                0x008000e6                PROVIDE (__bss_end, .)
                0x000017c0                __data_load_start = LOADADDR (.data)
                0x000017fa                __data_load_end = (__data_load_start + SIZEOF (.data))

.noinit         0x008000e6        0x0
                0x008000e6                PROVIDE (__noinit_start, .)
 *(.noinit*)
                0x008000e6                PROVIDE (__noinit_end, .)
                0x008000e6                _end = .
                0x008000e6                PROVIDE (__heap_start, .)

.eeprom         0x00810000        0x0
 *(.eeprom*)
                0x00810000                __eeprom_end = .

.fuse
 *(.fuse)
 *(.lfuse)
 *(.hfuse)
 *(.efuse)

.lock
 *(.lock*)

.signature
 *(.signature*)

.stab
 *(.stab)

.stabstr
 *(.stabstr)

.stab.excl
 *(.stab.excl)

.stab.exclstr
 *(.stab.exclstr)

.stab.index
 *(.stab.index)

.stab.indexstr
 *(.stab.indexstr)

.comment
 *(.comment)

.debug
 *(.debug)

.line
 *(.line)

.debug_srcinfo
 *(.debug_srcinfo)

.debug_sfnames
 *(.debug_sfnames)

.debug_aranges
 *(.debug_aranges)

.debug_pubnames
 *(.debug_pubnames)

.debug_info
 *(.debug_info)
 *(.gnu.linkonce.wi.*)

.debug_abbrev
 *(.debug_abbrev)

.debug_line
 *(.debug_line)

.debug_frame
 *(.debug_frame)

.debug_str
 *(.debug_str)

.debug_loc
 *(.debug_loc)

.debug_macinfo
 *(.debug_macinfo)
OUTPUT(My_AVR_ATmega32.elf elf32-avr)
LOAD linker stubs
